numpy 2.5.1 numba 0.67.0 N=10000000
warmup done
--- M=100 uniform: data rss +0.16GB
A unique: gi=1.041s tot=1.116s groups=100
B: gi=0.096s tot=0.155s ratio=10.86x thr=104.4M/s ok=True inv=True mem=+0.08GB {}
C: gi=0.077s tot=0.153s ratio=13.60x thr=130.7M/s ok=True inv=True mem=+0.10GB {}
D: gi=0.795s tot=0.875s ratio=1.31x thr=12.6M/s ok=True inv=True mem=+0.08GB {'t_part': 0.20665729999018367, 't_local': 0.5887791999994079}
E: n/a {'sorted': False, 't_pre_np': 0.0118023999966681, 't_pre_nb': 8.200004231184721e-06}
E+A: gi=1.041s
F: gi=1.016s tot=1.090s ratio=1.02x thr=9.8M/s ok=True inv=True mem=+0.08GB {}
--- M=100 skewed: data rss +0.16GB
A unique: gi=0.743s tot=0.828s groups=100
B: gi=0.093s tot=0.151s ratio=7.96x thr=107.1M/s ok=True inv=True mem=+0.08GB {}
C: gi=0.074s tot=0.154s ratio=9.99x thr=134.4M/s ok=True inv=True mem=+0.08GB {}
D: gi=0.790s tot=0.868s ratio=0.94x thr=12.7M/s ok=True inv=True mem=+0.08GB {'t_part': 0.222500099989702, 't_local': 0.5671406999899773}
E: n/a {'sorted': False, 't_pre_np': 0.011261999999987893, 't_pre_nb': 8.700008038431406e-06}
E+A: gi=0.743s
F: gi=0.650s tot=0.732s ratio=1.14x thr=15.4M/s ok=True inv=True mem=+0.08GB {}
--- M=100 sorted: data rss +0.16GB
A unique: gi=0.277s tot=0.387s groups=100
B: gi=0.103s tot=0.180s ratio=2.69x thr=97.2M/s ok=True inv=True mem=+0.08GB {}
C: gi=0.070s tot=0.178s ratio=3.94x thr=142.3M/s ok=True inv=True mem=+0.08GB {}
D: gi=0.581s tot=0.691s ratio=0.48x thr=17.2M/s ok=True inv=True mem=+0.08GB {'t_part': 0.20135030000528786, 't_local': 0.3795957999973325}
E: gi=0.037s tot=0.037s ratio=7.44x thr=268.6M/s ok=True inv=None mem=+0.00GB {'sorted': True, 't_pre_np': 0.012234399997396395, 't_pre_nb': 0.015977299990481697, 't_run': 0.02125530000193976}
F: gi=0.194s tot=0.299s ratio=1.43x thr=51.6M/s ok=True inv=True mem=+0.08GB {}
--- M=10000 uniform: data rss +0.16GB
A unique: gi=1.908s tot=2.005s groups=10000
B: gi=0.111s tot=0.176s ratio=17.25x thr=90.4M/s ok=True inv=True mem=+0.08GB {}
C: gi=0.565s tot=0.660s ratio=3.38x thr=17.7M/s ok=True inv=True mem=+0.16GB {}
D: gi=0.859s tot=0.952s ratio=2.22x thr=11.6M/s ok=True inv=True mem=+0.08GB {'t_part': 0.21574870000767987, 't_local': 0.6432486999983666}
E: n/a {'sorted': False, 't_pre_np': 0.012605599986272864, 't_pre_nb': 7.700000423938036e-06}
E+A: gi=1.908s
F: gi=1.822s tot=1.916s ratio=1.05x thr=5.5M/s ok=True inv=True mem=+0.08GB {}
--- M=10000 skewed: data rss +0.16GB
A unique: gi=0.724s tot=0.804s groups=10000
B: gi=0.099s tot=0.159s ratio=7.35x thr=101.5M/s ok=True inv=True mem=+0.08GB {}
C: gi=0.128s tot=0.209s ratio=5.67x thr=78.3M/s ok=True inv=True mem=+0.08GB {}
D: gi=1.336s tot=1.415s ratio=0.54x thr=7.5M/s ok=True inv=True mem=+0.08GB {'t_part': 0.20950830000219867, 't_local': 1.1262788000021828}
E: n/a {'sorted': False, 't_pre_np': 0.011310599991702475, 't_pre_nb': 8.59999272506684e-06}
E+A: gi=0.724s
F: gi=0.628s tot=0.710s ratio=1.15x thr=15.9M/s ok=True inv=True mem=+0.08GB {}
--- M=10000 sorted: data rss +0.16GB
A unique: gi=0.289s tot=0.396s groups=10000
B: gi=0.107s tot=0.183s ratio=2.70x thr=93.1M/s ok=True inv=True mem=+0.08GB {}
C: gi=0.072s tot=0.180s ratio=3.99x thr=138.0M/s ok=True inv=True mem=+0.08GB {}
D: gi=0.470s tot=0.581s ratio=0.62x thr=21.3M/s ok=True inv=True mem=+0.08GB {'t_part': 0.22035499999765307, 't_local': 0.2499937999964459}
E: gi=0.036s tot=0.036s ratio=7.98x thr=275.8M/s ok=True inv=None mem=+0.00GB {'sorted': True, 't_pre_np': 0.012073000005329959, 't_pre_nb': 0.01497390000440646, 't_run': 0.02128390000143554}
F: gi=0.194s tot=0.304s ratio=1.49x thr=51.4M/s ok=True inv=True mem=+0.08GB {}
--- M=100000 uniform: data rss +0.16GB
A unique: gi=2.228s tot=2.391s groups=100000
B: gi=0.181s tot=0.288s ratio=12.31x thr=55.2M/s ok=True inv=True mem=+0.08GB {}
C: gi=0.666s tot=0.823s ratio=3.35x thr=15.0M/s ok=True inv=True mem=+0.27GB {}
D: gi=1.216s tot=1.375s ratio=1.83x thr=8.2M/s ok=True inv=True mem=+0.08GB {'t_part': 0.2225351000088267, 't_local': 0.99333939999633}
E: n/a {'sorted': False, 't_pre_np': 0.011951899999985471, 't_pre_nb': 8.600007276982069e-06}
E+A: gi=2.228s
F: gi=2.135s tot=2.295s ratio=1.04x thr=4.7M/s ok=True inv=True mem=+0.08GB {}
--- M=100000 skewed: data rss +0.16GB
A unique: gi=0.738s tot=0.822s groups=49780
B: gi=0.100s tot=0.159s ratio=7.35x thr=99.6M/s ok=True inv=True mem=+0.08GB {}
C: gi=0.131s tot=0.211s ratio=5.65x thr=76.6M/s ok=True inv=True mem=+0.08GB {}
D: gi=1.310s tot=1.394s ratio=0.56x thr=7.6M/s ok=True inv=True mem=+0.08GB {'t_part': 0.21096349999425001, 't_local': 1.0985466999991331}
E: n/a {'sorted': False, 't_pre_np': 0.011529800001881085, 't_pre_nb': 8.500006515532732e-06}
E+A: gi=0.738s
F: gi=0.641s tot=0.728s ratio=1.15x thr=15.6M/s ok=True inv=True mem=+0.08GB {}
--- M=100000 sorted: data rss +0.16GB
A unique: gi=0.292s tot=0.387s groups=100000
B: gi=0.104s tot=0.177s ratio=2.82x thr=96.3M/s ok=True inv=True mem=+0.08GB {}
C: gi=0.099s tot=0.204s ratio=2.96x thr=101.2M/s ok=True inv=True mem=+0.08GB {}
D: gi=0.520s tot=0.622s ratio=0.56x thr=19.2M/s ok=True inv=True mem=+0.09GB {'t_part': 0.21757789999537636, 't_local': 0.30239339999388903}
E: gi=0.044s tot=0.044s ratio=6.64x thr=227.2M/s ok=True inv=None mem=+0.00GB {'sorted': True, 't_pre_np': 0.012381799999275245, 't_pre_nb': 0.01596380000410136, 't_run': 0.028055399990989827}
F: gi=0.200s tot=0.297s ratio=1.46x thr=50.1M/s ok=True inv=True mem=+0.08GB {}
--- M=1000000 uniform: data rss +0.16GB
A unique: gi=2.309s tot=2.509s groups=999954
B: gi=0.225s tot=0.347s ratio=10.27x thr=44.5M/s ok=True inv=True mem=+0.10GB {}
C: gi=0.804s tot=0.996s ratio=2.87x thr=12.4M/s ok=True inv=True mem=+0.10GB {}
D: gi=1.343s tot=1.542s ratio=1.72x thr=7.4M/s ok=True inv=True mem=+0.10GB {'t_part': 0.22838610000326298, 't_local': 1.1144149000028847}
E: n/a {'sorted': False, 't_pre_np': 0.01190850000421051, 't_pre_nb': 7.700000423938036e-06}
E+A: gi=2.309s
F: gi=2.254s tot=2.447s ratio=1.02x thr=4.4M/s ok=True inv=True mem=+0.10GB {}
--- M=1000000 skewed: data rss +0.16GB
A unique: gi=0.741s tot=0.824s groups=62687
B: gi=0.119s tot=0.181s ratio=6.25x thr=84.3M/s ok=True inv=True mem=+0.08GB {}
C: gi=0.142s tot=0.234s ratio=5.23x thr=70.5M/s ok=True inv=True mem=+0.08GB {}
D: gi=1.339s tot=1.421s ratio=0.55x thr=7.5M/s ok=True inv=True mem=+0.08GB {'t_part': 0.21586959999694955, 't_local': 1.123269599993364}
E: n/a {'sorted': False, 't_pre_np': 0.013388700012001209, 't_pre_nb': 7.700000423938036e-06}
E+A: gi=0.741s
F: gi=0.665s tot=0.750s ratio=1.11x thr=15.0M/s ok=True inv=True mem=+0.08GB {}
--- M=1000000 sorted: data rss +0.16GB
A unique: gi=0.322s tot=0.412s groups=999954
B: gi=0.120s tot=0.187s ratio=2.69x thr=83.5M/s ok=True inv=True mem=+0.10GB {}
C: gi=0.274s tot=0.363s ratio=1.18x thr=36.5M/s ok=True inv=True mem=+0.10GB {}
D: gi=0.670s tot=0.758s ratio=0.48x thr=14.9M/s ok=True inv=True mem=+0.10GB {'t_part': 0.2222817000001669, 't_local': 0.44745930000499357}
E: gi=0.097s tot=0.097s ratio=3.34x thr=103.6M/s ok=True inv=None mem=+0.02GB {'sorted': True, 't_pre_np': 0.013070800006971695, 't_pre_nb': 0.015214300001389347, 't_run': 0.08131710000452586}
F: gi=0.247s tot=0.332s ratio=1.30x thr=40.5M/s ok=True inv=True mem=+0.10GB {}
--- M=10000000 uniform: data rss +0.16GB
A unique: gi=2.482s tot=3.020s groups=6320559
B: gi=0.710s tot=1.013s ratio=3.50x thr=14.1M/s ok=True inv=True mem=+0.23GB {}
C: gi=2.266s tot=2.778s ratio=1.10x thr=4.4M/s ok=True inv=True mem=+0.23GB {}
D: gi=2.005s tot=2.508s ratio=1.24x thr=5.0M/s ok=True inv=True mem=+0.23GB {'t_part': 0.21837129999767058, 't_local': 1.787068299992825}
E: n/a {'sorted': False, 't_pre_np': 0.01187940000090748, 't_pre_nb': 8.300004992634058e-06}
E+A: gi=2.482s
F: gi=2.403s tot=2.906s ratio=1.03x thr=4.2M/s ok=True inv=True mem=+0.23GB {}
--- M=10000000 skewed: data rss +0.16GB
A unique: gi=0.737s tot=0.820s groups=64732
B: gi=0.206s tot=0.271s ratio=3.58x thr=48.5M/s ok=True inv=True mem=+0.08GB {}
C: gi=0.142s tot=0.233s ratio=5.18x thr=70.3M/s ok=True inv=True mem=+0.08GB {}
D: gi=1.309s tot=1.391s ratio=0.56x thr=7.6M/s ok=True inv=True mem=+0.08GB {'t_part': 0.20778159999463242, 't_local': 1.1009332000103313}
E: n/a {'sorted': False, 't_pre_np': 0.011725699994713068, 't_pre_nb': 8.100003469735384e-06}
E+A: gi=0.737s
F: gi=0.656s tot=0.739s ratio=1.12x thr=15.3M/s ok=True inv=True mem=+0.08GB {}
--- M=10000000 sorted: data rss +0.16GB
A unique: gi=0.372s tot=0.487s groups=6320559
B: gi=0.294s tot=0.397s ratio=1.27x thr=34.0M/s ok=True inv=True mem=+0.23GB {}
C: gi=0.765s tot=0.868s ratio=0.49x thr=13.1M/s ok=True inv=True mem=+0.23GB {}
D: gi=1.329s tot=1.437s ratio=0.28x thr=7.5M/s ok=True inv=True mem=+0.23GB {'t_part': 0.22923119999177288, 't_local': 1.1000074000039604}
E: gi=0.264s tot=0.264s ratio=1.41x thr=37.8M/s ok=True inv=None mem=+0.15GB {'sorted': True, 't_pre_np': 0.01264860000810586, 't_pre_nb': 0.015824100002646446, 't_run': 0.24860619999526534}
F: gi=0.387s tot=0.496s ratio=0.96x thr=25.9M/s ok=True inv=True mem=+0.23GB {}
DONE -> C:\App\numfast\numfast-ponytail\.session-groupindex\results_10M.json
